src/app/product-master/edit/[id]/page.tsx(12,32): error TS2322: Type 'string' is not assignable to type 'number'.
